<!DOCTYPE html>
<html>
<head>
  <meta charset="utf-8">
  <title>grunt-importsrc</title>

  <link rel="stylesheet" href="temp/styles/importsrcs-concat_output.css">

  <link rel="stylesheet" href="temp/styles/mincss_output.css">

  <link rel="stylesheet" href="temp/styles/mincss_without_dest_output.css">
</head>
<body>

  <h1>Hello world</h1>

  <script src="temp/scripts/importsrcs-concat_output.js"></script>

  <script src="temp/scripts/uglify_output.js"></script>

</body>
</html>
